cafebabe0000003400430a0015001e07001f0a0002001e0700200a000400210a00020022080023
0a000200240700250a000900260a000900270a000200280a0002002909002a002b0a0014002c0a
0014002d0a002e002f0800300800310700320700330100063c696e69743e010003282956010004
436f646501000568656c6c6f01001428294c6a6176612f6c616e672f537472696e673b0100046d
61696e010016285b4c6a6176612f6c616e672f537472696e673b2956010005776f726c640c0016
00170100176a6176612f6c616e672f537472696e674275696c6465720100136a6176612f6c616e
672f4368617261637465720c001600340c00350036010003656c6c0c003500370100116a617661
2f6c616e672f496e74656765720c001600380c0039003a0c0035003b0c003c001a07003d0c003e
003f0c0019001a0c001d001a0700400c0041004201000157010003726c6401000a48656c6c6f57
6f726c640100106a6176612f6c616e672f4f626a65637401000428432956010006617070656e64
01002d284c6a6176612f6c616e672f4f626a6563743b294c6a6176612f6c616e672f537472696e
674275696c6465723b01002d284c6a6176612f6c616e672f537472696e673b294c6a6176612f6c
616e672f537472696e674275696c6465723b01000428492956010008696e7456616c7565010003
28294901001c2843294c6a6176612f6c616e672f537472696e674275696c6465723b010008746f
537472696e670100106a6176612f6c616e672f53797374656d0100036f75740100154c6a617661
2f696f2f5072696e7453747265616d3b0100136a6176612f696f2f5072696e7453747265616d01
00077072696e746c6e010015284c6a6176612f6c616e672f537472696e673b2956002100140015
000000000004000100160017000100180000001100010001000000052ab70001b1000000000009
0019001a0001001800000038000400000000002cbb000259b70003bb0004591048b70005b60006
1207b60008bb000959106fb7000ab6000b92b6000cb6000db0000000000089001b001c00010018
0000002e0003000100000022b2000ebb000259b70003b8000fb600081020b6000cb80010b60008
b6000db60011b1000000000009001d001a00010018000000310004000000000025bb000259b700
031212b60008bb000959106fb7000ab6000b92b6000c1213b60008b6000db0000000000000

