eac831a31aff796b4727e302655207e6d707fbedf97b2b61072db8f86f49
